检测时间: 2026-03-15 11:32:54
共检测 362 个唯一 URL
================================================================================
[1/362] 检测: https://hentai-cosplay-xxx.com ... ❌ 直连 (HTTP Error 403: Forbidden) ❌ 代理 (HTTP Error 403: Forbidden)
[2/362] 检测: https://buondua.com ... ✅ 直连 ✅ 代理
[3/362] 检测: https://mangaplus.shueisha.co.jp ... ✅ 直连 ✅ 代理
[4/362] 检测: https://hdoujin.org ... ✅ 直连 ✅ 代理
[5/362] 检测: https://mangafire.to ... ✅ 直连 ✅ 代理
[6/362] 检测: https://holoearth.com ... ✅ 直连 ✅ 代理
[7/362] 检测: https://cosplaytele.com ... ✅ 直连 ✅ 代理
[8/362] 检测: https://mayotune.xyz ... ❌ 直连 (<urlopen error [SSL: UNEXPECTED_EOF_WHILE_READING] EOF occurred in violation of protocol (_ssl.c:1032)>) ❌ 代理 (<urlopen error [SSL: UNEXPECTED_EOF_WHILE_READING] EOF occurred in violation of protocol (_ssl.c:1032)>)
[9/362] 检测: https://mangaplus-creators.jp ... ✅ 直连 ✅ 代理
[10/362] 检测: https://mangago.fit/comic ... ✅ 直连 ✅ 代理
[11/362] 检测: https://mangago.fit/manga ... ✅ 直连 ✅ 代理
[12/362] 检测: https://mangago.fit/manga-v2 ... ✅ 直连 ✅ 代理
[13/362] 检测: https://myreadingmanga.info ... ❌ 直连 (HTTP Error 403: Forbidden) ❌ 代理 (HTTP Error 403: Forbidden)
[14/362] 检测: https://everia.club ... ✅ 直连 ✅ 代理
[15/362] 检测: https://mangataro.org ... ✅ 直连 ✅ 代理
[16/362] 检测: https://www.everiaclub.com ... ✅ 直连 ✅ 代理
[17/362] 检测: https://mahoushoujobu.com ... ✅ 直连 ✅ 代理
[18/362] 检测: https://mangatoon.mobi ... ✅ 直连 ✅ 代理
[19/362] 检测: https://www.photos18.com ... ✅ 直连 ✅ 代理
[20/362] 检测: https://manhwaclub.net ... ✅ 直连 ✅ 代理
[21/362] 检测: https://www.pixiv.net ... ✅ 直连 ✅ 代理
[22/362] 检测: https://www.ninemanga.com ... ❌ 直连 (假404(HTTP 200但内容是404)) ❌ 代理 (假404(HTTP 200但内容是404))
[23/362] 检测: https://misskon.com ... ✅ 直连 ✅ 代理
[24/362] 检测: https://www.niadd.com ... ✅ 直连 ✅ 代理
[25/362] 检测: https://taddy.org ... ✅ 直连 ✅ 代理
[26/362] 检测: https://allmanga.to ... ✅ 直连 ✅ 代理
[27/362] 检测: https://manhuarmtl.com ... ✅ 直连 ✅ 代理
[28/362] 检测: https://projectsuki.com/ ... ✅ 直连 ✅ 代理
[29/362] 检测: https://ravens-scans.com ... ✅ 直连 ✅ 代理
[30/362] 检测: https://weebdex.org ... ✅ 直连 ✅ 代理
[31/362] 检测: https://qtoon.com ... ✅ 直连 ✅ 代理
[32/362] 检测: https://www.izneo.com/en/webtoon ... ❌ 直连 (HTTP Error 404: Not Found) ❌ 代理 (HTTP Error 404: Not Found)
[33/362] 检测: https://allporncomic.com ... ✅ 直连 ✅ 代理
[34/362] 检测: https://www.pornpics.com ... ✅ 直连 ✅ 代理
[35/362] 检测: https://aquareader.net ... ✅ 直连 ✅ 代理
[36/362] 检测: https://www.sandraandwoo.com ... ✅ 直连 ✅ 代理
[37/362] 检测: https://www.simply-hentai.com ... ✅ 直连 ✅ 代理
[38/362] 检测: https://alandal.com ... ✅ 直连 ✅ 代理
[39/362] 检测: https://arcanescans.com ... ✅ 直连 ✅ 代理
[40/362] 检测: https://www.novelcool.com ... ✅ 直连 ✅ 代理
[41/362] 检测: https://ahottie.top ... ✅ 直连 ✅ 代理
[42/362] 检测: https://batcave.biz ... ❌ 直连 (HTTP Error 403: Forbidden) ❌ 代理 (HTTP Error 403: Forbidden)
[43/362] 检测: https://artlapsa.com ... ✅ 直连 ✅ 代理
[44/362] 检测: https://asmotoon.com ... ✅ 直连 ✅ 代理
[45/362] 检测: https://azcomic.com ... ✅ 直连 ✅ 代理
[46/362] 检测: https://baektoons.com ... ❌ 直连 (HTTP Error 521: <none>) ❌ 代理 (HTTP Error 521: <none>)
[47/362] 检测: https://www.ysk-comics.com ... ✅ 直连 ✅ 代理
[48/362] 检测: https://seraphic-deviltry.com ... ✅ 直连 ✅ 代理
[49/362] 检测: https://arc-relight.com ... ✅ 直连 ✅ 代理
[50/362] 检测: https://asuracomic.net ... ✅ 直连 ✅ 代理
[51/362] 检测: https://beehentai.com ... ✅ 直连 ✅ 代理
[52/362] 检测: https://arvencomics.com ... ✅ 直连 ❌ 代理 (Remote end closed connection without response)
[53/362] 检测: https://bakkin.moe/reader/ ... ✅ 直连 ✅ 代理
[54/362] 检测: https://assortedscans.com ... ✅ 直连 ✅ 代理
[55/362] 检测: https://boratscans.com ... ✅ 直连 ✅ 代理
[56/362] 检测: https://schale.network ... ✅ 直连 ✅ 代理
[57/362] 检测: https://danke.moe ... ✅ 直连 ✅ 代理
[58/362] 检测: https://comix.to ... ✅ 直连 ✅ 代理
[59/362] 检测: https://cocomic.co ... ✅ 直连 ✅ 代理
[60/362] 检测: https://www.darthsanddroids.net ... ✅ 直连 ✅ 代理
[61/362] 检测: https://www.collectedcurios.com ... ✅ 直连 ✅ 代理
[62/362] 检测: https://eggporncomics.com ... ✅ 直连 ✅ 代理
[63/362] 检测: https://divatoon.com ... ✅ 直连 ✅ 代理
[64/362] 检测: https://clowncorps.net ... ✅ 直连 ✅ 代理
[65/362] 检测: https://coffeemanga.io ... ✅ 直连 ✅ 代理
[66/362] 检测: https://comicaurora.com ... ✅ 直连 ✅ 代理
[67/362] 检测: https://athreascans.com ... ✅ 直连 ✅ 代理
[68/362] 检测: https://elan.school ... ✅ 直连 ✅ 代理
[69/362] 检测: https://boxmanhwa.com ... ✅ 直连 ✅ 代理
[70/362] 检测: https://vortexscans.org ... ❌ 直连 (HTTP Error 302: The HTTP server returned a redirect error that would lead to an infinite loop.
The last 30x error message was:
Found) ❌ 代理 (HTTP Error 302: The HTTP server returned a redirect error that would lead to an infinite loop.
The last 30x error message was:
Found)
[71/362] 检测: https://reader.deathtollscans.net ... ✅ 直连 ✅ 代理
[72/362] 检测: https://18porncomic.com ... ✅ 直连 ✅ 代理
[73/362] 检测: https://www.erofus.com ... ✅ 直连 ✅ 代理
[74/362] 检测: https://explosm.net ... ✅ 直连 ✅ 代理
[75/362] 检测: https://www.egscomics.com ... ✅ 直连 ✅ 代理
[76/362] 检测: https://freecomiconline.me ... ❌ 直连 (HTTP Error 403: Forbidden) ❌ 代理 (HTTP Error 403: Forbidden)
[77/362] 检测: https://global.manga-up.com ... ❌ 直连 (<urlopen error _ssl.c:1015: The handshake operation timed out>) ✅ 代理
[78/362] 检测: https://cutiecomics.com ... ✅ 直连 ✅ 代理
[79/362] 检测: https://doujins.com ... ✅ 直连 ✅ 代理
[80/362] 检测: https://existentialcomics.com ... ✅ 直连 ✅ 代理
[81/362] 检测: https://evascans.org ... ✅ 直连 ✅ 代理
[82/362] 检测: https://freemanga.me ... ✅ 直连 ✅ 代理
[83/362] 检测: https://flamecomics.xyz ... ✅ 直连 ✅ 代理
[84/362] 检测: https://dresdencodak.com ... ✅ 直连 ✅ 代理
[85/362] 检测: https://erosxsun.xyz ... ✅ 直连 ✅ 代理
[86/362] 检测: https://manhwa-raw.com ... ❌ 直连 (HTTP Error 403: Forbidden) ❌ 代理 (HTTP Error 403: Forbidden)
[87/362] 检测: https://1stkissmanhua.net ... ✅ 直连 ✅ 代理
[88/362] 检测: https://ezmanga.org ... ✅ 直连 ✅ 代理
[89/362] 检测: https://grimscans.com ... ❌ 直连 (HTTP Error 403: Forbidden) ❌ 代理 (HTTP Error 403: Forbidden)
[90/362] 检测: https://reader.decadencescans.com ... ✅ 直连 ✅ 代理
[91/362] 检测: https://manhuascans.org ... ✅ 直连 ✅ 代理
[92/362] 检测: https://freemangatop.com ... ✅ 直连 ✅ 代理
[93/362] 检测: https://elftoon.xyz ... ✅ 直连 ✅ 代理
[94/362] 检测: https://guya.cubari.moe ... ✅ 直连 ✅ 代理
[95/362] 检测: https://epicmanga.co ... ✅ 直连 ✅ 代理
[96/362] 检测: https://www.gunnerkrigg.com ... ✅ 直连 ✅ 代理
[97/362] 检测: https://firescans.xyz ... ✅ 直连 ✅ 代理
[98/362] 检测: https://hentai3z.cc ... ❌ 直连 (HTTP Error 403: Forbidden) ❌ 代理 (HTTP Error 403: Forbidden)
[99/362] 检测: https://gourmetsupremacy.com ... ✅ 直连 ✅ 代理
[100/362] 检测: https://hentai20.io ... ✅ 直连 ✅ 代理
[101/362] 检测: https://www.blastwave-comic.com ... ✅ 直连 ✅ 代理
[102/362] 检测: https://dexyscan.com ... ❌ 直连 (<urlopen error [SSL: UNEXPECTED_EOF_WHILE_READING] EOF occurred in violation of protocol (_ssl.c:1032)>) ❌ 代理 (<urlopen error [SSL: UNEXPECTED_EOF_WHILE_READING] EOF occurred in violation of protocol (_ssl.c:1032)>)
[103/362] 检测: https://gedecomix.com ... ✅ 直连 ✅ 代理
[104/362] 检测: https://hentai4free.net ... ✅ 直连 ✅ 代理
[105/362] 检测: https://gdscans.com ... ✅ 直连 ✅ 代理
[106/362] 检测: https://greedscans.com ... ✅ 直连 ✅ 代理
[107/362] 检测: https://harimanga.me ... ✅ 直连 ✅ 代理
[108/362] 检测: https://hanumanscan.com ... ✅ 直连 ✅ 代理
[109/362] 检测: https://galaxymanga.io ... ✅ 直连 ✅ 代理
[110/362] 检测: https://hentairead.com ... ✅ 直连 ✅ 代理
[111/362] 检测: https://manga.honkaiimpact3.com ... ✅ 直连 ✅ 代理
[112/362] 检测: https://hentaixyuri.com ... ✅ 直连 ✅ 代理
[113/362] 检测: https://www.grrlpowercomic.com ... ✅ 直连 ✅ 代理
[114/362] 检测: https://dexhentai.com ... ❌ 直连 (HTTP Error 403: Forbidden) ❌ 代理 (HTTP Error 403: Forbidden)
[115/362] 检测: https://hentainexus.com ... ✅ 直连 ✅ 代理
[116/362] 检测: https://hentaixdickgirl.com ... ✅ 直连 ✅ 代理
[117/362] 检测: https://kaliscan.com ... ✅ 直连 ✅ 代理
[118/362] 检测: https://kawaiscans.org ... ✅ 直连 ✅ 代理
[119/362] 检测: https://hentaixcomic.com ... ✅ 直连 ✅ 代理
[120/362] 检测: https://doujindistrict.com ... ✅ 直连 ✅ 代理
[121/362] 检测: https://kaliscan.me ... ✅ 直连 ✅ 代理
[122/362] 检测: https://hiveworkscomics.com ... ✅ 直连 ✅ 代理
[123/362] 检测: https://infinityscans.org ... ✅ 直连 ✅ 代理
[124/362] 检测: https://hivetoons.org ... ✅ 直连 ✅ 代理
[125/362] 检测: https://www.irovedout.com ... ✅ 直连 ✅ 代理
[126/362] 检测: https://en-hijala.com ... ✅ 直连 ✅ 代理
[127/362] 检测: https://kaliscan.io ... ✅ 直连 ✅ 代理
[128/362] 检测: https://hentaihere.com ... ✅ 直连 ✅ 代理
[129/362] 检测: https://kaynscan.com ... ✅ 直连 ✅ 代理
[130/362] 检测: https://hentai2read.com ... ✅ 直连 ✅ 代理
[131/362] 检测: https://twokinds.keenspot.com ... ✅ 直连 ✅ 代理
[132/362] 检测: https://s2manga.io ... ✅ 直连 ✅ 代理
[133/362] 检测: https://lagoonscans.com ... ✅ 直连 ✅ 代理
[134/362] 检测: https://kewnscans.org ... ✅ 直连 ✅ 代理
[135/362] 检测: https://loadingartist.com ... ✅ 直连 ✅ 代理
[136/362] 检测: https://lunatoons.org ... ❌ 直连 (HTTP Error 403: Forbidden) ❌ 代理 (HTTP Error 403: Forbidden)
[137/362] 检测: https://kencomics.com ... ✅ 直连 ✅ 代理
[138/362] 检测: https://killsixbilliondemons.com ... ✅ 直连 ✅ 代理
[139/362] 检测: https://magustoon.org ... ❌ 直连 (HTTP Error 403: Forbidden) ❌ 代理 (HTTP Error 403: Forbidden)
[140/362] 检测: https://likemanga.ink ... ✅ 直连 ✅ 代理
[141/362] 检测: https://luacomic.org ... ✅ 直连 ✅ 代理
[142/362] 检测: https://kmanga.kodansha.com ... ✅ 直连 ✅ 代理
[143/362] 检测: https://manga18x.net ... ✅ 直连 ✅ 代理
[144/362] 检测: https://madaradex.org ... ✅ 直连 ✅ 代理
[145/362] 检测: https://manga18fx.com ... ✅ 直连 ✅ 代理
[146/362] 检测: https://ksgroupscans.com ... ✅ 直连 ✅ 代理
[147/362] 检测: https://manga.madokami.al ... ❌ 直连 (HTTP Error 401: Unauthorized) ❌ 代理 (HTTP Error 401: Unauthorized)
[148/362] 检测: https://www.mangabats.com ... ❌ 直连 (HTTP Error 403: Forbidden) ❌ 代理 (HTTP Error 403: Forbidden)
[149/362] 检测: https://digitalcomicmuseum.com ... ✅ 直连 ✅ 代理
[150/362] 检测: https://lhtranslation.net ... ✅ 直连 ✅ 代理
[151/362] 检测: https://toonclash.com ... ❌ 直连 (HTTP Error 403: Forbidden) ❌ 代理 (HTTP Error 403: Forbidden)
[152/362] 检测: https://likemanga.in ... ✅ 直连 ✅ 代理
[153/362] 检测: https://manga18.club ... ✅ 直连 ✅ 代理
[154/362] 检测: https://kingofshojo.com ... ✅ 直连 ✅ 代理
[155/362] 检测: https://hachirumi.com ... ❌ 直连 (The read operation timed out) ❌ 代理 (HTTP Error 502: Bad Gateway)
[156/362] 检测: https://manhwabtt.cc ... ✅ 直连 ✅ 代理
[157/362] 检测: https://mangadass.com ... ✅ 直连 ✅ 代理
[158/362] 检测: https://mangadistrict.com ... ✅ 直连 ✅ 代理
[159/362] 检测: https://demonicscans.org ... ✅ 直连 ✅ 代理
[160/362] 检测: https://ww2.mangafreak.me ... ✅ 直连 ✅ 代理
[161/362] 检测: https://mangafox.fun ... ✅ 直连 ✅ 代理
[162/362] 检测: https://fanfox.net ... ✅ 直连 ✅ 代理
[163/362] 检测: https://mangadia.com ... ✅ 直连 ✅ 代理
[164/362] 检测: https://lilymanga.net ... ✅ 直连 ✅ 代理
[165/362] 检测: https://manga18free.com ... ✅ 直连 ✅ 代理
[166/362] 检测: https://mangacute.com ... ✅ 直连 ✅ 代理
[167/362] 检测: https://mangaforfree.com ... ✅ 直连 ✅ 代理
[168/362] 检测: https://mangahere.onl ... ✅ 直连 ✅ 代理
[169/362] 检测: https://www.mangahere.cc ... ✅ 直连 ✅ 代理
[170/362] 检测: https://madarascans.com ... ✅ 直连 ✅ 代理
[171/362] 检测: https://mangaforest.me ... ✅ 直连 ✅ 代理
[172/362] 检测: https://www.mangamo.com ... ✅ 直连 ✅ 代理
[173/362] 检测: https://www.mangago.me ... ✅ 直连 ✅ 代理
[174/362] 检测: https://mangaleveling.com ... ✅ 直连 ✅ 代理
[175/362] 检测: https://mangamaniacs.org ... ✅ 直连 ✅ 代理
[176/362] 检测: https://mangagg.com ... ✅ 直连 ✅ 代理
[177/362] 检测: https://mangabuddy.com ... ✅ 直连 ✅ 代理
[178/362] 检测: https://mangafab.com ... ✅ 直连 ✅ 代理
[179/362] 检测: https://mangakatana.com ... ✅ 直连 ✅ 代理
[180/362] 检测: https://manganow.to ... ✅ 直连 ✅ 代理
[181/362] 检测: https://manga-hen.com ... ✅ 直连 ✅ 代理
[182/362] 检测: https://mangapanda.onl ... ✅ 直连 ✅ 代理
[183/362] 检测: https://mangaplex.com ... ✅ 直连 ✅ 代理
[184/362] 检测: https://mangapill.com ... ✅ 直连 ✅ 代理
[185/362] 检测: https://mangakakalot.fun ... ✅ 直连 ✅ 代理
[186/362] 检测: https://www.mgeko.cc ... ✅ 直连 ✅ 代理
[187/362] 检测: https://hachi.moe ... ❌ 直连 (The read operation timed out) ❌ 代理 (The read operation timed out)
[188/362] 检测: https://mangareader.site ... ✅ 直连 ✅ 代理
[189/362] 检测: https://mangaowl.io ... ✅ 直连 ✅ 代理
[190/362] 检测: https://hyakuro.net ... ❌ 直连 (The read operation timed out) ❌ 代理 (The read operation timed out)
[191/362] 检测: https://mangamonk.com ... ✅ 直连 ✅ 代理
[192/362] 检测: https://mangaplanet.com ... ✅ 直连 ✅ 代理
[193/362] 检测: https://www.sailmg.com ... ✅ 直连 ✅ 代理
[194/362] 检测: https://mangapuma.com ... ✅ 直连 ✅ 代理
[195/362] 检测: https://www.mangatown.com ... ✅ 直连 ✅ 代理
[196/362] 检测: https://www.mangaread.org ... ✅ 直连 ✅ 代理
[197/362] 检测: https://manhuaaz.com ... ✅ 直连 ✅ 代理
[198/362] 检测: https://mangasushi.org ... ✅ 直连 ✅ 代理
[199/362] 检测: https://manhwabuddy.com ... ✅ 直连 ✅ 代理
[200/362] 检测: https://mangatx.cc ... ✅ 直连 ✅ 代理
[201/362] 检测: https://www.manhwaden.com ... ✅ 直连 ✅ 代理
[202/362] 检测: https://mangareader.in ... ✅ 直连 ✅ 代理
[203/362] 检测: https://manhwafreake.com ... ✅ 直连 ✅ 代理
[204/362] 检测: https://mangaread.co ... ✅ 直连 ✅ 代理
[205/362] 检测: https://mangayy.org ... ✅ 直连 ✅ 代理
[206/362] 检测: https://manga1s.com ... ❌ 直连 (The read operation timed out) ❌ 代理 (The read operation timed out)
[207/362] 检测: https://manhwalike.com ... ✅ 直连 ✅ 代理
[208/362] 检测: https://manhwahub.net ... ✅ 直连 ✅ 代理
[209/362] 检测: https://mangasaga.com ... ✅ 直连 ✅ 代理
[210/362] 检测: https://mangaxyz.com ... ✅ 直连 ✅ 代理
[211/362] 检测: https://mangahub.io ... ✅ 直连 ✅ 代理
[212/362] 检测: https://manhuahot.com ... ✅ 直连 ✅ 代理
[213/362] 检测: https://www.manhwatoon.me ... ✅ 直连 ✅ 代理
[214/362] 检测: https://manganel.me ... ✅ 直连 ✅ 代理
[215/362] 检测: https://mangaspin.com ... ✅ 直连 ✅ 代理
[216/362] 检测: https://monochromecms.netlify.app ... ✅ 直连 ✅ 代理
[217/362] 检测: https://manhwatop.com ... ✅ 直连 ✅ 代理
[218/362] 检测: https://mgjinx.com ... ✅ 直连 ✅ 代理
[219/362] 检测: https://manhwax.org ... ✅ 直连 ✅ 代理
[220/362] 检测: https://manga.d34d.one ... ✅ 直连 ✅ 代理
[221/362] 检测: https://manhwaz.com ... ✅ 直连 ✅ 代理
[222/362] 检测: https://multporn.net ... ✅ 直连 ✅ 代理
[223/362] 检测: https://hentaitnt.net ... ✅ 直连 ✅ 代理
[224/362] 检测: https://milftoon.xxx ... ✅ 直连 ✅ 代理
[225/362] 检测: https://manta.net ... ✅ 直连 ✅ 代理
[226/362] 检测: https://9hentai.so ... ✅ 直连 ✅ 代理
[227/362] 检测: https://www.nineanime.com ... ❌ 直连 (假404(HTTP 200但内容是404)) ❌ 代理 (假404(HTTP 200但内容是404))
[228/362] 检测: https://mangaonline.fun ... ✅ 直连 ✅ 代理
[229/362] 检测: https://manycomic.com ... ✅ 直连 ✅ 代理
[230/362] 检测: https://megatokyo.com ... ✅ 直连 ✅ 代理
[231/362] 检测: https://mehgazone.com ... ✅ 直连 ✅ 代理
[232/362] 检测: https://nyxscans.com ... ✅ 直连 ✅ 代理
[233/362] 检测: https://www.oglaf.com ... ✅ 直连 ✅ 代理
[234/362] 检测: https://nikatoons.com ... ✅ 直连 ✅ 代理
[235/362] 检测: https://myhentaicomics.com ... ✅ 直连 ✅ 代理
[236/362] 检测: https://nyanukafe.com ... ✅ 直连 ✅ 代理
[237/362] 检测: https://myhentaigallery.com ... ✅ 直连 ✅ 代理
[238/362] 检测: https://www.ohjoysextoy.com ... ✅ 直连 ✅ 代理
[239/362] 检测: https://omegascans.org ... ✅ 直连 ✅ 代理
[240/362] 检测: https://pawmanga.com ... ✅ 直连 ✅ 代理
[241/362] 检测: https://nuxscans.blogspot.com ... ✅ 直连 ✅ 代理
[242/362] 检测: https://noxenscan.com ... ✅ 直连 ✅ 代理
[243/362] 检测: https://w10.1punchman.com ... ✅ 直连 ✅ 代理
[244/362] 检测: https://patchfriday.com ... ✅ 直连 ✅ 代理
[245/362] 检测: https://www.giantitp.com ... ✅ 直连 ✅ 代理
[246/362] 检测: https://read.oppai.stream ... ✅ 直连 ✅ 代理
[247/362] 检测: https://nitroscans.net ... ✅ 直连 ✅ 代理
[248/362] 检测: https://onemanga.info ... ✅ 直连 ✅ 代理
[249/362] 检测: https://readallcomics.com ... ❌ 直连 (HTTP Error 403: Forbidden) ❌ 代理 (HTTP Error 403: Forbidden)
[250/362] 检测: https://www.paritehaber.com ... ✅ 直连 ✅ 代理
[251/362] 检测: https://ravenscans.org ... ✅ 直连 ✅ 代理
[252/362] 检测: https://rackusreads.com ... ✅ 直连 ✅ 代理
[253/362] 检测: https://razure.org ... ✅ 直连 ✅ 代理
[254/362] 检测:  https://porncomix.online ... ✅ 直连 ✅ 代理
[255/362] 检测: https://randowis.com ... ✅ 直连 ✅ 代理
[256/362] 检测: https://flamescans.lol ... ✅ 直连 ✅ 代理
[257/362] 检测: https://www.questionablecontent.net ... ✅ 直连 ✅ 代理
[258/362] 检测: https://ww11.readsnk.com ... ✅ 直连 ✅ 代理
[259/362] 检测: https://readcomiconline.li ... ✅ 直连 ✅ 代理
[260/362] 检测: https://philiascans.org ... ✅ 直连 ✅ 代理
[261/362] 检测: https://mangatoday.fun ... ✅ 直连 ✅ 代理
[262/362] 检测: https://ww5.readchainsawman.com ... ✅ 直连 ✅ 代理
[263/362] 检测: https://ww10.readblackclover.com ... ✅ 直连 ✅ 代理
[264/362] 检测: https://rdscans.com ... ✅ 直连 ✅ 代理
[265/362] 检测: https://ww10.readmha.com ... ✅ 直连 ✅ 代理
[266/362] 检测: https://readcomicsonline.ru ... ✅ 直连 ✅ 代理
[267/362] 检测: https://readberserk.com ... ✅ 直连 ✅ 代理
[268/362] 检测: https://readmangafree.net ... ✅ 直连 ✅ 代理
[269/362] 检测: https://ww5.readkingdom.com ... ✅ 直连 ✅ 代理
[270/362] 检测: https://ww8.readfairytail.com ... ✅ 直连 ✅ 代理
[271/362] 检测: https://ww10.dbsmanga.com ... ✅ 直连 ✅ 代理
[272/362] 检测: https://readbagabondo.com ... ✅ 直连 ✅ 代理
[273/362] 检测: https://ww5.readjujutsukaisen.com ... ✅ 直连 ✅ 代理
[274/362] 检测: https://qiscans.org ... ✅ 直连 ✅ 代理
[275/362] 检测: https://ww7.read7deadlysins.com ... ✅ 直连 ✅ 代理
[276/362] 检测: https://ww9.readhaikyuu.com ... ✅ 直连 ✅ 代理
[277/362] 检测: https://ww6.readhxh.com ... ✅ 直连 ✅ 代理
[278/362] 检测: https://ww12.readonepiece.com ... ✅ 直连 ✅ 代理
[279/362] 检测: https://ww11.readnaruto.com ... ✅ 直连 ✅ 代理
[280/362] 检测: https://ww7.readdrstone.com ... ✅ 直连 ✅ 代理
[281/362] 检测: https://ww11.tokyoghoulre.com ... ✅ 直连 ✅ 代理
[282/362] 检测: https://sectscans.com ... ✅ 直连 ✅ 代理
[283/362] 检测: https://restscans.com ... ✅ 直连 ✅ 代理
[284/362] 检测: https://ww4.readkaguyasama.com ... ✅ 直连 ✅ 代理
[285/362] 检测: https://reset-scans.org ... ✅ 直连 ✅ 代理
[286/362] 检测: https://ww3.readsololeveling.org ... ✅ 直连 ✅ 代理
[287/362] 检测: https://ww6.readopm.com ... ✅ 直连 ✅ 代理
[288/362] 检测: https://ww7.readneverland.com ... ✅ 直连 ✅ 代理
[289/362] 检测: https://rokaricomics.com ... ✅ 直连 ✅ 代理
[290/362] 检测: https://ritharscans.com ... ✅ 直连 ✅ 代理
[291/362] 检测: https://www.schlockmercenary.com ... ✅ 直连 ✅ 代理
[292/362] 检测: https://smbc-comics.com ... ✅ 直连 ✅ 代理
[293/362] 检测: https://stonescape.xyz ... ✅ 直连 ✅ 代理
[294/362] 检测: https://wings.sbs ... ✅ 直连 ✅ 代理
[295/362] 检测: https://violetscans.org ... ✅ 直连 ✅ 代理
[296/362] 检测: https://s2manga.com ... ✅ 直连 ✅ 代理
[297/362] 检测: https://ww5.readvinlandsaga.com ... ✅ 直连 ✅ 代理
[298/362] 检测: https://sanascans.com ... ✅ 直连 ✅ 代理
[299/362] 检测: https://shibamanga.com ... ✅ 直连 ✅ 代理
[300/362] 检测: https://spmanhwa.online ... ✅ 直连 ✅ 代理
[301/362] 检测: https://tappytoon.net ... ✅ 直连 ✅ 代理
[302/362] 检测: https://rinkocomics.com ... ✅ 直连 ✅ 代理
[303/362] 检测: https://reallifecomics.com ... ✅ 直连 ✅ 代理
[304/362] 检测: https://sirenscans.com ... ✅ 直连 ✅ 代理
[305/362] 检测: https://skymanga.work ... ✅ 直连 ✅ 代理
[306/362] 检测: https://rizzcomic.com ... ✅ 直连 ✅ 代理
[307/362] 检测: https://www.supermegacomics.com ... ✅ 直连 ✅ 代理
[308/362] 检测: https://templetoons.com ... ✅ 直连 ✅ 代理
[309/362] 检测: https://tcbonepiecechapters.com ... ✅ 直连 ✅ 代理
[310/362] 检测: https://toonitube.com ... ✅ 直连 ✅ 代理
[311/362] 检测: https://toonily.com ... ✅ 直连 ✅ 代理
[312/362] 检测: https://topmanhua.net ... ✅ 直连 ✅ 代理
[313/362] 检测: https://swordscomic.com ... ✅ 直连 ✅ 代理
[314/362] 检测: https://sas-api.fly.dev ... ✅ 直连 ✅ 代理
[315/362] 检测: https://jolleycomics.com ... ✅ 直连 ✅ 代理
[316/362] 检测: https://tapas.io ... ✅ 直连 ✅ 代理
[317/362] 检测: https://www.theduckwebcomics.com ... ✅ 直连 ✅ 代理
[318/362] 检测: https://xrabohrok.github.io/WarMap/#/ ... ✅ 直连 ✅ 代理
[319/362] 检测: https://todaymanga.com ... ✅ 直连 ✅ 代理
[320/362] 检测: https://sleepytranslations.com ... ✅ 直连 ✅ 代理
[321/362] 检测: https://topreadmanhwa.com ... ✅ 直连 ✅ 代理
[322/362] 检测: https://hentalk.pw ... ✅ 直连 ✅ 代理
[323/362] 检测: https://www.viz.com ... ✅ 直连 ✅ 代理
[324/362] 检测: https://vgperson.com/other/mangaviewer.php ... ✅ 直连 ✅ 代理
[325/362] 检测: https://valirscans.com ... ✅ 直连 ✅ 代理
[326/362] 检测: https://mangatop.org ... ✅ 直连 ✅ 代理
[327/362] 检测: https://webniichan.online ... ❌ 直连 (<urlopen error [SSL: CERTIFICATE_VERIFY_FAILED] certificate verify failed: unable to get local issuer certificate (_ssl.c:1032)>) ❌ 代理 (<urlopen error [SSL: CERTIFICATE_VERIFY_FAILED] certificate verify failed: unable to get local issuer certificate (_ssl.c:1032)>)
[328/362] 检测: https://xoxocomic.com ... ❌ 直连 (HTTP Error 403: Forbidden) ❌ 代理 (HTTP Error 403: Forbidden)
[329/362] 检测: https://tritinia.org ... ✅ 直连 ✅ 代理
[330/362] 检测: https://www.taadd.com ... ❌ 直连 (假404(HTTP 200但内容是404)) ❌ 代理 (假404(HTTP 200但内容是404))
[331/362] 检测: https://toonily.me ... ✅ 直连 ✅ 代理
[332/362] 检测: https://vymanga.net ... ✅ 直连 ✅ 代理
[333/362] 检测: https://www.voyce.me ... ✅ 直连 ✅ 代理
[334/362] 检测: https://mangabz.com#, https://xmanhua.com#, https://yymanhua.com ... ❌ 直连 (URL can't contain control characters. '/#, https://xmanhua.com' (found at least ' ')) ❌ 代理 (URL can't contain control characters. '/#, https://xmanhua.com' (found at least ' '))
[335/362] 检测: https://18comic.vip ... ❌ 直连 (HTTP Error 403: Forbidden) ❌ 代理 (HTTP Error 403: Forbidden)
[336/362] 检测: http://www.92mh.com ... ✅ 直连 ✅ 代理
[337/362] 检测: https://weebcentral.com ... ✅ 直连 ✅ 代理
[338/362] 检测: https://whalemanga.com ... ✅ 直连 ✅ 代理
[339/362] 检测: https://komiic.com ... ✅ 直连 ✅ 代理
[340/362] 检测: http://mangaapi.manhuaren.com ... ✅ 直连 ✅ 代理
[341/362] 检测: https://www.wearehunger.site ... ✅ 直连 ✅ 代理
[342/362] 检测: https://woopread.com ... ✅ 直连 ✅ 代理
[343/362] 检测: https://zinchangmanga.net ... ✅ 直连 ✅ 代理
[344/362] 检测: https://utoon.net ... ✅ 直连 ✅ 代理
[345/362] 检测: https://writerscans.com ... ✅ 直连 ✅ 代理
[346/362] 检测: https://witchscans.com ... ✅ 直连 ✅ 代理
[347/362] 检测: https://webcomicsapp.com ... ✅ 直连 ✅ 代理
[348/362] 检测: https://yakshascans.com ... ✅ 直连 ✅ 代理
[349/362] 检测: https://webdexscans.com ... ✅ 直连 ✅ 代理
[350/362] 检测: https://www.colamanga.com ... ✅ 直连 ✅ 代理
[351/362] 检测: https://mycomic.com ... ❌ 直连 (HTTP Error 403: Forbidden) ❌ 代理 (HTTP Error 403: Forbidden)
[352/362] 检测: https://manhua.zaimanhua.com ... ✅ 直连 ✅ 代理
[353/362] 检测: https://mangazin.org ... ✅ 直连 ✅ 代理
[354/362] 检测: http://www.zerobywb.com ... ❌ 直连 (假404(HTTP 200但内容是404)) ❌ 代理 (假404(HTTP 200但内容是404))
[355/362] 检测: https://zinchangmanga.com ... ✅ 直连 ✅ 代理
[356/362] 检测: https://www.mhua5.com ... ✅ 直连 ✅ 代理
[357/362] 检测: https://www.manhuagui.com ... ✅ 直连 ✅ 代理
[358/362] 检测: https://roum22.xyz ... ✅ 直连 ✅ 代理
[359/362] 检测: https://yaoitoon.com ... ✅ 直连 ✅ 代理
[360/362] 检测: https://yakshacomics.com ... ✅ 直连 ✅ 代理
[361/362] 检测: https://www.ykmh.net ... ✅ 直连 ✅ 代理
[362/362] 检测: https://yaoihub.com ... ✅ 直连 ✅ 代理

================================================================================

📊 检测结果汇总:
   双向可达 (直连+代理): 328
   仅直连可达: 1
   仅代理可达: 1
   双向不可达: 32

================================================================================

🔴 不可访问的插件列表 (直连和代理都失败):

   - Tachiyomi: Hentai Cosplay
     URL: https://hentai-cosplay-xxx.com
   - Tachiyomi: MayoTune
     URL: https://mayotune.xyz
   - Tachiyomi: MyReadingManga
     URL: https://myreadingmanga.info
   - Tachiyomi: NineManga
     URL: https://www.ninemanga.com
   - Tachiyomi: izneo (webtoons)
     URL: https://www.izneo.com/en/webtoon
   - Tachiyomi: BatCave
     URL: https://batcave.biz
   - Tachiyomi: Baek Toons
     URL: https://baektoons.com
   - Tachiyomi: Vortex Scans
     URL: https://vortexscans.org
   - Tachiyomi: Free Comic Online
     URL: https://freecomiconline.me
   - Tachiyomi: Manhwa-raw
     URL: https://manhwa-raw.com
   - Tachiyomi: Grim Scans
     URL: https://grimscans.com
   - Tachiyomi: Hentai3z.CC
     URL: https://hentai3z.cc
   - Tachiyomi: Hentaidexy
     URL: https://dexyscan.com
   - Tachiyomi: HentaiDex
     URL: https://dexhentai.com
   - Tachiyomi: Luna Toons
     URL: https://lunatoons.org
   - Tachiyomi: Magus Manga
     URL: https://magustoon.org
   - Tachiyomi: Madokami
     URL: https://manga.madokami.al
   - Tachiyomi: Mangabat
     URL: https://www.mangabats.com
   - Tachiyomi: MangaClash
     URL: https://toonclash.com
   - Tachiyomi: Hachirumi
     URL: https://hachirumi.com
   - Tachiyomi: Hachi
     URL: https://hachi.moe
   - Tachiyomi: Hyakuro Translations
     URL: https://hyakuro.net
   - Tachiyomi: Manga1s
     URL: https://manga1s.com
   - Tachiyomi: NineAnime
     URL: https://www.nineanime.com
   - Tachiyomi: ReadAllComics
     URL: https://readallcomics.com
   - Tachiyomi: Web Niichan
     URL: https://webniichan.online
   - Tachiyomi: XOXO Comics
     URL: https://xoxocomic.com
   - Tachiyomi: Taadd
     URL: https://www.taadd.com
   - Tachiyomi: Mangabz
     URL: https://mangabz.com#, https://xmanhua.com#, https://yymanhua.com
   - Tachiyomi: Jinman Tiantang
     URL: https://18comic.vip
   - Tachiyomi: MyComic
     URL: https://mycomic.com
   - Tachiyomi: Zerobyw
     URL: http://www.zerobywb.com

🟡 仅代理可访问 (直连失败):

   - Tachiyomi: Manga UP!
     URL: https://global.manga-up.com

🟢 仅直连可访问 (代理失败):

   - Tachiyomi: Arven Scans
     URL: https://arvencomics.com

================================================================================
日志已保存到: check_output.log
